000000000000000000000000000000000534
00000000000000000000034
0000001
0000002
0132312
1
12
382190328930218
38293892839208390
98920829108
