98920829108
38293892839208390
382190328930218
12
1
0132312
0000002
0000001
00000000000000000000034
000000000000000000000000000000000534
