0000001
1
0000002
12
00000000000000000000034
000000000000000000000000000000000534
0132312
98920829108
382190328930218
38293892839208390
