38293892839208390
382190328930218
98920829108
0132312
000000000000000000000000000000000534
00000000000000000000034
12
0000002
0000001
1
